+--------+-----------------------+
| o_year | mkt_share             |
+========+=======================+
|   1995 |                0.0000 |
|   1996 |                0.0000 |
+--------+-----------------------+
2 tuples
+---------+-------+
| rewrite | count |
+=========+=======+
| joinidx |     0 |
+---------+-------+
1 tuple
