+------------+-----------------------+
| ps_partkey | value                 |
+============+=======================+
|       1376 |           13271249.89 |
+------------+-----------------------+
1 tuple
+---------+-------+
| rewrite | count |
+=========+=======+
| joinidx |     0 |
+---------+-------+
1 tuple
