+---------------------------+---------+
| s_name                    | numwait |
+===========================+=========+
| Supplier#000000074        |       9 |
+---------------------------+---------+
1 tuple
+---------+-------+
| rewrite | count |
+=========+=======+
| joinidx |     0 |
+---------+-------+
1 tuple
